  Main.cpp
C:\Users\G2240\source\repos\OpenSiv3D_0.6.152\OpenSiv3D_0.6.152\Main.cpp(174,17): warning C4244: '初期化中': 'unsigned __int64' から 'double' への変換です。データが失われる可能性があります。
  (ソース ファイル '/Main.cpp' をコンパイルしています)
  
C:\Users\G2240\source\repos\OpenSiv3D_0.6.152\OpenSiv3D_0.6.152\Main.cpp(190,18): warning C4244: '初期化中': 'unsigned __int64' から 'double' への変換です。データが失われる可能性があります。
  (ソース ファイル '/Main.cpp' をコンパイルしています)
  
C:\Users\G2240\source\repos\OpenSiv3D_0.6.152\OpenSiv3D_0.6.152\Main.cpp(2176,8): warning C4804: '-=': 演算中の 'bool' 型の使用方法が安全ではありません
  (ソース ファイル '/Main.cpp' をコンパイルしています)
  
C:\Users\G2240\source\repos\OpenSiv3D_0.6.152\OpenSiv3D_0.6.152\Main.cpp(2188,11): warning C4456: 'canAtk' を宣言すると、以前のローカル宣言が隠蔽されます
  (ソース ファイル '/Main.cpp' をコンパイルしています)
      C:\Users\G2240\source\repos\OpenSiv3D_0.6.152\OpenSiv3D_0.6.152\Main.cpp(2163,8):
      'canAtk' の宣言を確認してください
  
C:\Users\G2240\source\repos\OpenSiv3D_0.6.152\OpenSiv3D_0.6.152\Main.cpp(2367,28): warning C4267: '=': 'size_t' から 'int' に変換しました。データが失われているかもしれません。
  (ソース ファイル '/Main.cpp' をコンパイルしています)
  
C:\Users\G2240\source\repos\OpenSiv3D_0.6.152\OpenSiv3D_0.6.152\Main.cpp(2558,9): warning C4189: 'chipNo': ローカル変数が初期化されましたが、参照されていません
  (ソース ファイル '/Main.cpp' をコンパイルしています)
  
C:\Users\G2240\source\repos\OpenSiv3D_0.6.152\OpenSiv3D_0.6.152\Main.cpp(2623,21): warning C4244: '=': 'size_t' から 'double' への変換です。データが失われる可能性があります。
  (ソース ファイル '/Main.cpp' をコンパイルしています)
  
C:\Users\G2240\source\repos\OpenSiv3D_0.6.152\OpenSiv3D_0.6.152\Main.cpp(2635,20): warning C4244: '=': 'size_t' から 'double' への変換です。データが失われる可能性があります。
  (ソース ファイル '/Main.cpp' をコンパイルしています)
  
C:\Users\G2240\source\repos\OpenSiv3D_0.6.152\OpenSiv3D_0.6.152\Main.cpp(2654,42): warning C4244: '引数': 'double' から 'unsigned __int64' への変換です。データが失われる可能性があります。
  (ソース ファイル '/Main.cpp' をコンパイルしています)
  
C:\Users\G2240\source\repos\OpenSiv3D_0.6.152\OpenSiv3D_0.6.152\Main.cpp(2654,31): warning C4244: '引数': 'double' から 'unsigned __int64' への変換です。データが失われる可能性があります。
  (ソース ファイル '/Main.cpp' をコンパイルしています)
  
C:\Users\G2240\source\repos\OpenSiv3D_0.6.152\OpenSiv3D_0.6.152\Main.cpp(2669,42): warning C4244: '引数': 'double' から 'unsigned __int64' への変換です。データが失われる可能性があります。
  (ソース ファイル '/Main.cpp' をコンパイルしています)
  
C:\Users\G2240\source\repos\OpenSiv3D_0.6.152\OpenSiv3D_0.6.152\Main.cpp(2669,31): warning C4244: '引数': 'double' から 'unsigned __int64' への変換です。データが失われる可能性があります。
  (ソース ファイル '/Main.cpp' をコンパイルしています)
  
C:\Users\G2240\source\repos\OpenSiv3D_0.6.152\OpenSiv3D_0.6.152\Main.cpp(2687,41): warning C4244: '引数': 'double' から 'unsigned __int64' への変換です。データが失われる可能性があります。
  (ソース ファイル '/Main.cpp' をコンパイルしています)
  
C:\Users\G2240\source\repos\OpenSiv3D_0.6.152\OpenSiv3D_0.6.152\Main.cpp(2687,30): warning C4244: '引数': 'double' から 'unsigned __int64' への変換です。データが失われる可能性があります。
  (ソース ファイル '/Main.cpp' をコンパイルしています)
  
C:\Users\G2240\source\repos\OpenSiv3D_0.6.152\OpenSiv3D_0.6.152\Main.cpp(2702,42): warning C4244: '引数': 'double' から 'unsigned __int64' への変換です。データが失われる可能性があります。
  (ソース ファイル '/Main.cpp' をコンパイルしています)
  
C:\Users\G2240\source\repos\OpenSiv3D_0.6.152\OpenSiv3D_0.6.152\Main.cpp(2702,31): warning C4244: '引数': 'double' から 'unsigned __int64' への変換です。データが失われる可能性があります。
  (ソース ファイル '/Main.cpp' をコンパイルしています)
  
C:\Users\G2240\source\repos\OpenSiv3D_0.6.152\OpenSiv3D_0.6.152\Main.cpp(2783,10): warning C4456: 'c' を宣言すると、以前のローカル宣言が隠蔽されます
  (ソース ファイル '/Main.cpp' をコンパイルしています)
      C:\Users\G2240\source\repos\OpenSiv3D_0.6.152\OpenSiv3D_0.6.152\Main.cpp(2723,8):
      'c' の宣言を確認してください
  
C:\Users\G2240\source\repos\OpenSiv3D_0.6.152\OpenSiv3D_0.6.152\Main.cpp(3157,10): warning C4456: 'c' を宣言すると、以前のローカル宣言が隠蔽されます
  (ソース ファイル '/Main.cpp' をコンパイルしています)
      C:\Users\G2240\source\repos\OpenSiv3D_0.6.152\OpenSiv3D_0.6.152\Main.cpp(3098,8):
      'c' の宣言を確認してください
  
C:\Users\G2240\source\repos\OpenSiv3D_0.6.152\OpenSiv3D_0.6.152\Main.cpp(3333,20): warning C4456: 'c' を宣言すると、以前のローカル宣言が隠蔽されます
  (ソース ファイル '/Main.cpp' をコンパイルしています)
      C:\Users\G2240\source\repos\OpenSiv3D_0.6.152\OpenSiv3D_0.6.152\Main.cpp(3319,12):
      'c' の宣言を確認してください
  
C:\Users\G2240\source\repos\OpenSiv3D_0.6.152\OpenSiv3D_0.6.152\Main.cpp(3496,10): warning C4456: 'c' を宣言すると、以前のローカル宣言が隠蔽されます
  (ソース ファイル '/Main.cpp' をコンパイルしています)
      C:\Users\G2240\source\repos\OpenSiv3D_0.6.152\OpenSiv3D_0.6.152\Main.cpp(3437,8):
      'c' の宣言を確認してください
  
C:\Users\G2240\source\repos\OpenSiv3D_0.6.152\OpenSiv3D_0.6.152\Main.cpp(3554,20): warning C4244: '=': 'unsigned __int64' から 'double' への変換です。データが失われる可能性があります。
  (ソース ファイル '/Main.cpp' をコンパイルしています)
  
C:\Users\G2240\source\repos\OpenSiv3D_0.6.152\OpenSiv3D_0.6.152\Main.cpp(3568,20): warning C4244: '=': 'unsigned __int64' から 'double' への変換です。データが失われる可能性があります。
  (ソース ファイル '/Main.cpp' をコンパイルしています)
  
C:\Users\G2240\source\repos\OpenSiv3D_0.6.152\OpenSiv3D_0.6.152\Main.cpp(3694,38): warning C4244: '引数': 'double' から 'unsigned __int64' への変換です。データが失われる可能性があります。
  (ソース ファイル '/Main.cpp' をコンパイルしています)
  
C:\Users\G2240\source\repos\OpenSiv3D_0.6.152\OpenSiv3D_0.6.152\Main.cpp(3694,28): warning C4244: '引数': 'double' から 'unsigned __int64' への変換です。データが失われる可能性があります。
  (ソース ファイル '/Main.cpp' をコンパイルしています)
  
  OpenSiv3D_0.6.152.vcxproj -> C:\Users\G2240\source\repos\OpenSiv3D_0.6.152\Intermediate\OpenSiv3D_0.6.152\Debug\OpenSiv3D_0.6.152(debug).exe
  C:\Users\G2240\source\repos\OpenSiv3D_0.6.152\Intermediate\OpenSiv3D_0.6.152\Debug\OpenSiv3D_0.6.152(debug).exe
  1 個のファイルをコピーしました
